2026-09-26 12:27:59,557 INFO cycle cycle_f91c62acebbb: manifest sha256=f91c62acebbb095d170b07c63c3f46e2ca9405be7f1ec5c0585e4e593709450b listed=11133 pulling=11133 anomalies=0
2026-09-26 12:28:37,768 INFO progress 500/11133 (0 failed) 38s
2026-09-26 12:29:18,447 INFO progress 1000/11133 (0 failed) 79s
2026-09-26 12:29:56,070 INFO progress 1500/11133 (0 failed) 117s
2026-09-26 12:30:34,701 INFO progress 2000/11133 (0 failed) 155s
2026-09-26 12:31:10,992 INFO progress 2500/11133 (0 failed) 192s
2026-09-26 12:31:50,249 INFO progress 3000/11133 (0 failed) 231s
2026-09-26 12:32:28,396 INFO progress 3500/11133 (0 failed) 269s
2026-09-26 12:33:06,038 INFO progress 4000/11133 (0 failed) 307s
2026-09-26 12:33:42,055 INFO progress 4500/11133 (0 failed) 343s
2026-09-26 12:34:19,014 INFO progress 5000/11133 (0 failed) 380s
2026-09-26 12:34:58,144 INFO progress 5500/11133 (0 failed) 419s
2026-09-26 12:35:35,452 INFO progress 6000/11133 (0 failed) 456s
2026-09-26 12:36:13,574 INFO progress 6500/11133 (0 failed) 494s
2026-09-26 12:36:49,911 INFO progress 7000/11133 (0 failed) 530s
2026-09-26 12:37:27,012 INFO progress 7500/11133 (0 failed) 568s
2026-09-26 12:38:04,663 INFO progress 8000/11133 (0 failed) 605s
2026-09-26 12:38:42,331 INFO progress 8500/11133 (0 failed) 643s
2026-09-26 12:39:21,080 INFO progress 9000/11133 (0 failed) 682s
2026-09-26 12:39:58,601 INFO progress 9500/11133 (0 failed) 719s
2026-09-26 12:40:35,991 INFO progress 10000/11133 (0 failed) 757s
2026-09-26 12:41:12,946 INFO progress 10500/11133 (0 failed) 794s
2026-09-26 12:41:48,684 INFO progress 11000/11133 (0 failed) 829s
2026-09-26 12:41:57,705 INFO progress 11133/11133 (0 failed) 838s
2026-09-26 12:41:58,040 INFO done: complete 11133/11133 files, 0 failed, 0 not attempted, 22609.9 MB raw, root=4e9f5b042f20d2e671c49907d52cf37e3542afe17bd2fb47c912e9d5eeeb41e5, 838s
	Command being timed: "/root/p8/venv/bin/python archive/poll.py --spool /root/p8/spool_full --workers 32 --contact kiraryan27@gmail.com --min-free-gb 2"
	User time (seconds): 1543.41
	System time (seconds): 19.66
	Percent of CPU this job got: 186%
	Elapsed (wall clock) time (h:mm:ss or m:ss): 13:58.87
	Average shared text size (kbytes): 0
	Average unshared data size (kbytes): 0
	Average stack size (kbytes): 0
	Average total size (kbytes): 0
	Maximum resident set size (kbytes): 657572
	Average resident set size (kbytes): 0
	Major (requiring I/O) page faults: 4
	Minor (reclaiming a frame) page faults: 1444910
	Voluntary context switches: 183706
	Involuntary context switches: 722670
	Swaps: 0
	File system inputs: 544
	File system outputs: 18364024
	Socket messages sent: 0
	Socket messages received: 0
	Signals delivered: 0
	Page size (bytes): 4096
	Exit status: 0
